Picked up JAVA_TOOL_OPTIONS: -Dfile.encoding=UTF-8
Picked up JAVA_TOOL_OPTIONS: -Dfile.encoding=UTF-8

Picked up JAVA_TOOL_OPTIONS: -Dfile.encoding=UTF-8

Picked up JAVA_TOOL_OPTIONS: -Dfile.encoding=UTF-8

Note: Some input files use or override a deprecated API.
Note: Recompile with -Xlint:deprecation for details.
Note: Some input files use or override a deprecated API.
Note: Recompile with -Xlint:deprecation for details.
Note: Some input files use or override a deprecated API.
Note: Recompile with -Xlint:deprecation for details.
Note: F:\taxi-system\mobile\node_modules\@react-native-async-storage\async-storage\android\src\javaPackage\java\com\reactnativecommunity\asyncstorage\AsyncStoragePackage.java uses unchecked or unsafe operations.
Note: Recompile with -Xlint:unchecked for details.
F:\taxi-system\mobile\node_modules\@react-native-community\netinfo\android\src\newarch\com\reactnativecommunity\netinfo\NetInfoModule.java:43: warning: [removal] onCatalystInstanceDestroy() in NativeModule has been deprecated and marked for removal
    public void onCatalystInstanceDestroy() {
                ^
Note: Some input files use or override a deprecated API.
Note: Recompile with -Xlint:deprecation for details.
1 warning
Note: Some input files use or override a deprecated API.
Note: Recompile with -Xlint:deprecation for details.
Error: Unable to resolve module ../../assets/icons3d/clock.png from F:\taxi-system\mobile\src\screens\DashboardScreen.js: 

None of these files exist:
  * clock.png
  * assets\icons3d\clock.png
[0m [90m 153 |[39m     user[33m:[39m require([32m'../../assets/icons3d/user-group.png'[39m)[33m,[39m
 [90m 154 |[39m     report[33m:[39m require([32m'../../assets/icons3d/report-card.png'[39m)[33m,[39m
[31m[1m>[22m[39m[90m 155 |[39m     clock[33m:[39m require([32m'../../assets/icons3d/clock.png'[39m)[33m,[39m
 [90m     |[39m                     [31m[1m^[22m[39m
 [90m 156 |[39m     form[33m:[39m require([32m'../../assets/icons3d/notebook.png'[39m)[33m,[39m
 [90m 157 |[39m     wallet[33m:[39m require([32m'../../assets/icons3d/wallet.png'[39m)[33m,[39m
 [90m 158 |[39m     mobile[33m:[39m require([32m'../../assets/icons3d/mobile.png'[39m)[33m,[39m[0m

Import stack:

 src\screens\DashboardScreen.js
 | import "../../assets/icons3d/clock.png"

 App.js
 | import "./src/screens/DashboardScreen"

 node_modules\expo\AppEntry.js
 | import "../../App"

 
 | import "./node_modules/expo/AppEntry"


