Picked up JAVA_TOOL_OPTIONS: -Dfile.encoding=UTF-8
SyntaxError: SyntaxError: F:\taxi-system\mobile\src\screens\StationCaptureV4Screen.js: Unexpected token (30:0)

[0m [90m 28 |[39m [33m<[39m[33mView[39m style[33m=[39m{s[33m.[39mnav}[33m>[39m{step[33m>[39m[35m0[39m[33m?[39m[33m<[39m[33mTouchableOpacity[39m style[33m=[39m{s[33m.[39msecondary} onPress[33m=[39m{back}[33m>[39m[33m<[39m[33mText[39m style[33m=[39m{s[33m.[39msecondaryTxt}[33m>[39m┘à╪▒╪¡┘ä┘ç ┘é╪¿┘ä[33m<[39m[33m/[39m[33mText[39m[33m>[39m[33m<[39m[33m/[39m[33mTouchableOpacity[39m[33m>[39m[33m:[39m[36mnull[39m}{step[33m<[39m[35m5[39m[33m?[39m[33m<[39m[33mTouchableOpacity[39m style[33m=[39m{[s[33m.[39mprimary[33m,[39m{flex[33m:[39m[35m1[39m[33m,[39mopacity[33m:[39mcanNext[33m?[39m[35m1[39m[33m:[39m[35m.5[39m}]} onPress[33m=[39m{next} disabled[33m=[39m{[33m![39mcanNext}[33m>[39m[33m<[39m[33mText[39m style[33m=[39m{s[33m.[39mprimaryTxt}[33m>[39m┘à╪▒╪¡┘ä┘ç ╪¿╪╣╪»[33m<[39m[33m/[39m[33mText[39m[33m>[39m[33m<[39m[33m/[39m[33mTouchableOpacity[39m[33m>[39m[33m:[39m[33m<[39m[33mTouchableOpacity[39m style[33m=[39m{[s[33m.[39mprimary[33m,[39m{flex[33m:[39m[35m1[39m}]} onPress[33m=[39m{save} disabled[33m=[39m{saving}[33m>[39m[33m<[39m[33mText[39m style[33m=[39m{s[33m.[39mprimaryTxt}[33m>[39m{saving[33m?[39m[32m'╪»╪▒ ╪¡╪º┘ä ╪½╪¿╪¬ΓÇª'[39m[33m:[39m[32m'╪¬╪ú█î█î╪» ┘ê ╪½╪¿╪¬ ┘å┘ç╪º█î█î'[39m}[33m<[39m[33m/[39m[33mText[39m[33m>[39m[33m<[39m[33m/[39m[33mTouchableOpacity[39m[33m>[39m}[33m<[39m[33m/[39m[33mView[39m[33m>[39m
 [90m 29 |[39m [33m<[39m[33mModal[39m visible[33m=[39m{typeModal} transparent animationType[33m=[39m[32m"slide"[39m onRequestClose[33m=[39m{()[33m=>[39msetTypeModal([36mfalse[39m)}[33m>[39m[33m<[39m[33mView[39m style[33m=[39m{s[33m.[39mmodalBg}[33m>[39m[33m<[39m[33mView[39m style[33m=[39m{s[33m.[39mmodal}[33m>[39m[33m<[39m[33mText[39m style[33m=[39m{s[33m.[39mh2}[33m>[39m┘å┘ê╪╣ ╪¬╪º╪¿┘ä┘ê ╪▒╪º ╪º┘å╪¬╪«╪º╪¿ ┌⌐┘å█î╪»[33m<[39m[33m/[39m[33mText[39m[33m>[39m{types[33m.[39mmap(t[33m=>[39m[33m<[39m[33mTouchableOpacity[39m key[33m=[39m{t[33m.[39mid} style[33m=[39m{s[33m.[39mtypeRow} onPress[33m=[39m{()[33m=>[39mchooseType(t)}[33m>[39m[33m<[39m[33mText[39m style[33m=[39m{s[33m.[39mlineTitle}[33m>[39m{t[33m.[39mtitle}[33m<[39m[33m/[39m[33mText[39m[33m>[39m[33m<[39m[33m/[39m[33mTouchableOpacity[39m[33m>[39m)}[33m<[39m[33mTouchableOpacity[39m style[33m=[39m{s[33m.[39msecondary} onPress[33m=[39m{()[33m=>[39msetTypeModal([36mfalse[39m)}[33m>[39m[33m<[39m[33mText[39m style[33m=[39m{s[33m.[39msecondaryTxt}[33m>[39m╪º┘å╪╡╪▒╪º┘ü[33m<[39m[33m/[39m[33mText[39m[33m>[39m[33m<[39m[33m/[39m[33mTouchableOpacity[39m[33m>[39m[33m<[39m[33m/[39m[33mView[39m[33m>[39m[33m<[39m[33m/[39m[33mView[39m[33m>[39m[33m<[39m[33m/[39m[33mModal[39m[33m>[39m[33m<[39m[33m/[39m[33mScrollView[39m[33m>[39m}
[31m[1m>[22m[39m[90m 30 |[39m }
 [90m    |[39m [31m[1m^[22m[39m
 [90m 31 |[39m [36mconst[39m s[33m=[39m[33mStyleSheet[39m[33m.[39mcreate({page[33m:[39m{flex[33m:[39m[35m1[39m[33m,[39mbackgroundColor[33m:[39m[33mC[39m[33m.[39mpaper}[33m,[39mcontent[33m:[39m{padding[33m:[39m[35m12[39m[33m,[39mpaddingBottom[33m:[39m[35m30[39m}[33m,[39mcenter[33m:[39m{flex[33m:[39m[35m1[39m[33m,[39malignItems[33m:[39m[32m'center'[39m[33m,[39mjustifyContent[33m:[39m[32m'center'[39m[33m,[39mbackgroundColor[33m:[39m[33mC[39m[33m.[39mpaper}[33m,[39mprogress[33m:[39m{backgroundColor[33m:[39m[32m'#fff'[39m[33m,[39mborderRadius[33m:[39m[35m16[39m[33m,[39mpadding[33m:[39m[35m15[39m[33m,[39mmarginBottom[33m:[39m[35m10[39m[33m,[39mborderWidth[33m:[39m[35m1[39m[33m,[39mborderColor[33m:[39m[33mC[39m[33m.[39mline}[33m,[39mstepNo[33m:[39m{fontFamily[33m:[39m[33mFONT[39m[33m.[39mregular[33m,[39mcolor[33m:[39m[33mC[39m[33m.[39mmuted[33m,[39mfontSize[33m:[39m[35m12[39m[33m,[39mtextAlign[33m:[39m[32m'right'[39m}[33m,[39mtitle[33m:[39m{fontFamily[33m:[39m[33mFONT[39m[33m.[39mbold[33m,[39mcolor[33m:[39m[33mC[39m[33m.[39mink[33m,[39mfontSize[33m:[39m[35m19[39m[33m,[39mtextAlign[33m:[39m[32m'right'[39m[33m,[39mmarginTop[33m:[39m[35m4[39m}[33m,[39mbar[33m:[39m{height[33m:[39m[35m7[39m[33m,[39mbackgroundColor[33m:[39m[32m'#e9edf2'[39m[33m,[39mborderRadius[33m:[39m[35m5[39m[33m,[39mmarginTop[33m:[39m[35m12[39m[33m,[39moverflow[33m:[39m[32m'hidden'[39m}[33m,[39mbarOn[33m:[39m{height[33m:[39m[35m7[39m[33m,[39mbackgroundColor[33m:[39m[33mC[39m[33m.[39mbrand}[33m,[39mcard[33m:[39m{backgroundColor[33m:[39m[32m'#fff'[39m[33m,[39mborderRadius[33m:[39m[35m16[39m[33m,[39mpadding[33m:[39m[35m15[39m[33m,[39mborderWidth[33m:[39m[35m1[39m[33m,[39mborderColor[33m:[39m[33mC[39m[33m.[39mline[33m,[39mmarginBottom[33m:[39m[35m10[39m}[33m,[39mh2[33m:[39m{fontFamily[33m:[39m[33mFONT[39m[33m.[39mbold[33m,[39mcolor[33m:[39m[33mC[39m[33m.[39mink[33m,[39mfontSize[33m:[39m[35m15[39m[33m,[39mtextAlign[33m:[39m[32m'right'[39m[33m,[39mmarginBottom[33m:[39m[35m10[39m}[33m,[39mmuted[33m:[39m{fontFamily[33m:[39m[33mFONT[39m[33m.[39mregular[33m,[39mcolor[33m:[39m[33mC[39m[33m.[39mmuted[33m,[39mfontSize[33m:[39m[35m12[39m[33m,[39mtextAlign[33m:[39m[32m'right'[39m[33m,[39mlineHeight[33m:[39m[35m21[39m}[33m,[39minfo[33m:[39m{fontFamily[33m:[39m[33mFONT[39m[33m.[39mregular[33m,[39mcolor[33m:[39m[33mC[39m[33m.[39mink[33m,[39mfontSize[33m:[39m[35m12[39m[33m,[39mtextAlign[33m:[39m[32m'right'[39m[33m,[39mlineHeight[33m:[39m[35m22[39m}[33m,[39mprimary[33m:[39m{backgroundColor[33m:[39m[33mC[39m[33m.[39mbrand[33m,[39mborderRadius[33m:[39m[35m12[39m[33m,[39mpaddingVertical[33m:[39m[35m13[39m[33m,[39mpaddingHorizontal[33m:[39m[35m16[39m[33m,[39malignItems[33m:[39m[32m'center'[39m[33m,[39mjustifyContent[33m:[39m[32m'center'[39m[33m,[39mmarginTop[33m:[39m[35m10[39m}[33m,[39mprimaryTxt[33m:[39m{color[33m:[39m[32m'#fff'[39m[33m,[39mfontFamily[33m:[39m[33mFONT[39m[33m.[39mbold[33m,[39mfontSize[33m:[39m[35m13[39m[33m,[39mtextAlign[33m:[39m[32m'center'[39m}[33m,[39msecondary[33m:[39m{backgroundColor[33m:[39m[32m'#fff'[39m[33m,[39mborderWidth[33m:[39m[35m1[39m[33m,[39mborderColor[33m:[39m[33mC[39m[33m.[39mbrand[33m,[39mborderRadius[33m:[39m[35m12[39m[33m,[39mpaddingVertical[33m:[39m[35m12[39m[33m,[39mpaddingHorizontal[33m:[39m[35m15[39m[33m,[39malignItems[33m:[39m[32m'center'[39m[33m,[39mjustifyContent[33m:[39m[32m'center'[39m[33m,[39mmarginTop[33m:[39m[35m10[39m}[33m,[39msecondaryTxt[33m:[39m{color[33m:[39m[33mC[39m[33m.[39mbrand[33m,[39mfontFamily[33m:[39m[33mFONT[39m[33m.[39mbold[33m,[39mfontSize[33m:[39m[35m13[39m[33m,[39mtextAlign[33m:[39m[32m'center'[39m}[33m,[39mmapBox[33m:[39m{height[33m:[39m[35m300[39m[33m,[39mmarginTop[33m:[39m[35m12[39m[33m,[39mborderRadius[33m:[39m[35m12[39m[33m,[39moverflow[33m:[39m[32m'hidden'[39m}[33m,[39mlineRow[33m:[39m{flexDirection[33m:[39m[32m'row-reverse'[39m[33m,[39malignItems[33m:[39m[32m'center'[39m[33m,[39mjustifyContent[33m:[39m[32m'space-between'[39m[33m,[39mpadding[33m:[39m[35m12[39m[33m,[39mborderWidth[33m:[39m[35m1[39m[33m,[39mborderColor[33m:[39m[33mC[39m[33m.[39mline[33m,[39mborderRadius[33m:[39m[35m12[39m[33m,[39mmarginBottom[33m:[39m[35m8[39m}[33m,[39mselected[33m:[39m{borderColor[33m:[39m[33mC[39m[33m.[39mbrand[33m,[39mbackgroundColor[33m:[39m[32m'#fff8d8'[39m}[33m,[39mlineTitle[33m:[39m{fontFamily[33m:[39m[33mFONT[39m[33m.[39mbold[33m,[39mcolor[33m:[39m[33mC[39m[33m.[39mink[33m,[39mfontSize[33m:[39m[35m13[39m[33m,[39mtextAlign[33m:[39m[32m'right'[39m}[33m,[39minput[33m:[39m{borderWidth[33m:[39m[35m1[39m[33m,[39mborderColor[33m:[39m[33mC[39m[33m.[39mline[33m,[39mborderRadius[33m:[39m[35m12[39m[33m,[39mpadding[33m:[39m[35m12[39m[33m,[39mfontFamily[33m:[39m[33mFONT[39m[33m.[39mregular[33m,[39mtextAlign[33m:[39m[32m'right'[39m[33m,[39mcolor[33m:[39m[33mC[39m[33m.[39mink[33m,[39mmarginBottom[33m:[39m[35m10[39m}[33m,[39maddress[33m:[39m{minHeight[33m:[39m[35m120[39m}[33m,[39mmissingBtn[33m:[39m{padding[33m:[39m[35m12[39m[33m,[39mborderWidth[33m:[39m[35m1[39m[33m,[39mborderColor[33m:[39m[33mC[39m[33m.[39mline[33m,[39mborderRadius[33m:[39m[35m12[39m[33m,[39mmarginTop[33m:[39m[35m4[39m}[33m,[39maddBtn[33m:[39m{borderWidth[33m:[39m[35m1[39m[33m,[39mborderColor[33m:[39m[33mC[39m[33m.[39mbrand[33m,[39mborderRadius[33m:[39m[35m12[39m[33m,[39mpadding[33m:[39m[35m13[39m[33m,[39malignItems[33m:[39m[32m'center'[39m}[33m,[39maddTxt[33m:[39m{fontFamily[33m:[39m[33mFONT[39m[33m.[39mbold[33m,[39mcolor[33m:[39m[33mC[39m[33m.[39mbrand[33m,[39mfontSize[33m:[39m[35m14[39m}[33m,[39msign[33m:[39m{borderWidth[33m:[39m[35m1[39m[33m,[39mborderColor[33m:[39m[33mC[39m[33m.[39mline[33m,[39mborderRadius[33m:[39m[35m12[39m[33m,[39mpadding[33m:[39m[35m10[39m[33m,[39mmarginTop[33m:[39m[35m10[39m[33m,[39malignItems[33m:[39m[32m'flex-end'[39m}[33m,[39mphoto[33m:[39m{width[33m:[39m[35m160[39m[33m,[39mheight[33m:[39m[35m120[39m[33m,[39mborderRadius[33m:[39m[35m10[39m[33m,[39mmarginTop[33m:[39m[35m8[39m}[33m,[39mbigPhoto[33m:[39m{width[33m:[39m[32m'100%'[39m[33m,[39mheight[33m:[39m[35m220[39m[33m,[39mborderRadius[33m:[39m[35m12[39m[33m,[39mmarginTop[33m:[39m[35m8[39m}[33m,[39mremove[33m:[39m{fontFamily[33m:[39m[33mFONT[39m[33m.[39mbold[33m,[39mcolor[33m:[39m[32m'#b42318'[39m[33m,[39mfontSize[33m:[39m[35m12[39m[33m,[39mmarginTop[33m:[39m[35m8[39m}[33m,[39mreview[33m:[39m{fontFamily[33m:[39m[33mFONT[39m[33m.[39mregular[33m,[39mcolor[33m:[39m[33mC[39m[33m.[39mink[33m,[39mfontSize[33m:[39m[35m13[39m[33m,[39mtextAlign[33m:[39m[32m'right'[39m[33m,[39mlineHeight[33m:[39m[35m24[39m}[33m,[39mreviewSign[33m:[39m{borderTopWidth[33m:[39m[35m1[39m[33m,[39mborderColor[33m:[39m[33mC[39m[33m.[39mline[33m,[39mmarginTop[33m:[39m[35m8[39m[33m,[39mpaddingTop[33m:[39m[35m8[39m}[33m,[39mnav[33m:[39m{flexDirection[33m:[39m[32m'row-reverse'[39m[33m,[39mgap[33m:[39m[35m8[39m[33m,[39mmarginTop[33m:[39m[35m2[39m}[33m,[39mmodalBg[33m:[39m{flex[33m:[39m[35m1[39m[33m,[39mbackgroundColor[33m:[39m[32m'rgba(0,0,0,.5)'[39m[33m,[39mjustifyContent[33m:[39m[32m'flex-end'[39m}[33m,[39mmodal[33m:[39m{backgroundColor[33m:[39m[32m'#fff'[39m[33m,[39mpadding[33m:[39m[35m18[39m[33m,[39mborderTopLeftRadius[33m:[39m[35m20[39m[33m,[39mborderTopRightRadius[33m:[39m[35m20[39m[33m,[39mmaxHeight[33m:[39m[32m'80%'[39m}[33m,[39mtypeRow[33m:[39m{padding[33m:[39m[35m14[39m[33m,[39mborderWidth[33m:[39m[35m1[39m[33m,[39mborderColor[33m:[39m[33mC[39m[33m.[39mline[33m,[39mborderRadius[33m:[39m[35m12[39m[33m,[39mmarginBottom[33m:[39m[35m8[39m[33m,[39malignItems[33m:[39m[32m'flex-end'[39m}})[33m;[39m[0m

FAILURE: Build failed with an exception.

* What went wrong:
Execution failed for task ':app:createBundleReleaseJsAndAssets'.
> Process 'command 'cmd'' finished with non-zero exit value 1

* Try:
> Run with --info or --debug option to get more log output.
> Run with --scan to get full insights from a Build Scan (powered by Develocity).
> Get more help at https://help.gradle.org.

* Exception is:
org.gradle.api.tasks.TaskExecutionException: Execution failed for task ':app:createBundleReleaseJsAndAssets'.
	at org.gradle.api.internal.tasks.execution.ExecuteActionsTaskExecuter.lambda$executeIfValid$1(ExecuteActionsTaskExecuter.java:135)
	at org.gradle.internal.Try$Failure.ifSuccessfulOrElse(Try.java:288)
	at org.gradle.api.internal.tasks.execution.ExecuteActionsTaskExecuter.executeIfValid(ExecuteActionsTaskExecuter.java:133)
	at org.gradle.api.internal.tasks.execution.ExecuteActionsTaskExecuter.execute(ExecuteActionsTaskExecuter.java:121)
	at org.gradle.api.internal.tasks.execution.ProblemsTaskPathTrackingTaskExecuter.execute(ProblemsTaskPathTrackingTaskExecuter.java:41)
	at org.gradle.api.internal.tasks.execution.FinalizePropertiesTaskExecuter.execute(FinalizePropertiesTaskExecuter.java:46)
	at org.gradle.api.internal.tasks.execution.ResolveTaskExecutionModeExecuter.execute(ResolveTaskExecutionModeExecuter.java:51)
	at org.gradle.api.internal.tasks.execution.SkipTaskWithNoActionsExecuter.execute(SkipTaskWithNoActionsExecuter.java:57)
	at org.gradle.api.internal.tasks.execution.SkipOnlyIfTaskExecuter.execute(SkipOnlyIfTaskExecuter.java:74)
	at org.gradle.api.internal.tasks.execution.CatchExceptionTaskExecuter.execute(CatchExceptionTaskExecuter.java:36)
	at org.gradle.api.internal.tasks.execution.EventFiringTaskExecuter$1.executeTask(EventFiringTaskExecuter.java:77)
	at org.gradle.api.internal.tasks.execution.EventFiringTaskExecuter$1.call(EventFiringTaskExecuter.java:55)
	at org.gradle.api.internal.tasks.execution.EventFiringTaskExecuter$1.call(EventFiringTaskExecuter.java:52)
	at org.gradle.internal.operations.DefaultBuildOperationRunner$CallableBuildOperationWorker.execute(DefaultBuildOperationRunner.java:209)
	at org.gradle.internal.operations.DefaultBuildOperationRunner$CallableBuildOperationWorker.execute(DefaultBuildOperationRunner.java:204)
	at org.gradle.internal.operations.DefaultBuildOperationRunner$2.execute(DefaultBuildOperationRunner.java:66)
	at org.gradle.internal.operations.DefaultBuildOperationRunner$2.execute(DefaultBuildOperationRunner.java:59)
	at org.gradle.internal.operations.DefaultBuildOperationRunner.execute(DefaultBuildOperationRunner.java:166)
	at org.gradle.internal.operations.DefaultBuildOperationRunner.execute(DefaultBuildOperationRunner.java:59)
	at org.gradle.internal.operations.DefaultBuildOperationRunner.call(DefaultBuildOperationRunner.java:53)
	at org.gradle.api.internal.tasks.execution.EventFiringTaskExecuter.execute(EventFiringTaskExecuter.java:52)
	at org.gradle.execution.plan.DefaultNodeExecutor.executeLocalTaskNode(DefaultNodeExecutor.java:55)
	at org.gradle.execution.plan.DefaultNodeExecutor.execute(DefaultNodeExecutor.java:34)
	at org.gradle.execution.taskgraph.DefaultTaskExecutionGraph$InvokeNodeExecutorsAction.execute(DefaultTaskExecutionGraph.java:355)
	at org.gradle.execution.taskgraph.DefaultTaskExecutionGraph$InvokeNodeExecutorsAction.execute(DefaultTaskExecutionGraph.java:343)
	at org.gradle.execution.taskgraph.DefaultTaskExecutionGraph$BuildOperationAwareExecutionAction.lambda$execute$0(DefaultTaskExecutionGraph.java:339)
	at org.gradle.internal.operations.CurrentBuildOperationRef.with(CurrentBuildOperationRef.java:84)
	at org.gradle.execution.taskgraph.DefaultTaskExecutionGraph$BuildOperationAwareExecutionAction.execute(DefaultTaskExecutionGraph.java:339)
	at org.gradle.execution.taskgraph.DefaultTaskExecutionGraph$BuildOperationAwareExecutionAction.execute(DefaultTaskExecutionGraph.java:328)
	at org.gradle.execution.plan.DefaultPlanExecutor$ExecutorWorker.execute(DefaultPlanExecutor.java:459)
	at org.gradle.execution.plan.DefaultPlanExecutor$ExecutorWorker.run(DefaultPlanExecutor.java:376)
	at org.gradle.execution.plan.DefaultPlanExecutor.process(DefaultPlanExecutor.java:111)
	at org.gradle.execution.taskgraph.DefaultTaskExecutionGraph.executeWithServices(DefaultTaskExecutionGraph.java:146)
	at org.gradle.execution.taskgraph.DefaultTaskExecutionGraph.execute(DefaultTaskExecutionGraph.java:131)
	at org.gradle.execution.SelectedTaskExecutionAction.execute(SelectedTaskExecutionAction.java:35)
	at org.gradle.execution.BuildOperationFiringBuildWorkerExecutor$ExecuteTasks.call(BuildOperationFiringBuildWorkerExecutor.java:54)
	at org.gradle.execution.BuildOperationFiringBuildWorkerExecutor$ExecuteTasks.call(BuildOperationFiringBuildWorkerExecutor.java:43)
	at org.gradle.internal.operations.DefaultBuildOperationRunner$CallableBuildOperationWorker.execute(DefaultBuildOperationRunner.java:209)
	at org.gradle.internal.operations.DefaultBuildOperationRunner$CallableBuildOperationWorker.execute(DefaultBuildOperationRunner.java:204)
	at org.gradle.internal.operations.DefaultBuildOperationRunner$2.execute(DefaultBuildOperationRunner.java:66)
	at org.gradle.internal.operations.DefaultBuildOperationRunner$2.execute(DefaultBuildOperationRunner.java:59)
	at org.gradle.internal.operations.DefaultBuildOperationRunner.execute(DefaultBuildOperationRunner.java:166)
	at org.gradle.internal.operations.DefaultBuildOperationRunner.execute(DefaultBuildOperationRunner.java:59)
	at org.gradle.internal.operations.DefaultBuildOperationRunner.call(DefaultBuildOperationRunner.java:53)
	at org.gradle.execution.BuildOperationFiringBuildWorkerExecutor.execute(BuildOperationFiringBuildWorkerExecutor.java:40)
	at org.gradle.internal.build.DefaultBuildLifecycleController.lambda$executeTasks$10(DefaultBuildLifecycleController.java:313)
	at org.gradle.internal.model.StateTransitionController.doTransition(StateTransitionController.java:276)
	at org.gradle.internal.model.StateTransitionController.lambda$tryTransition$8(StateTransitionController.java:187)
	at org.gradle.internal.work.DefaultSynchronizer.withLock(DefaultSynchronizer.java:45)
	at org.gradle.internal.model.StateTransitionController.tryTransition(StateTransitionController.java:187)
	at org.gradle.internal.build.DefaultBuildLifecycleController.executeTasks(DefaultBuildLifecycleController.java:304)
	at org.gradle.internal.build.DefaultBuildWorkGraphController$DefaultBuildWorkGraph.runWork(DefaultBuildWorkGraphController.java:220)
	at org.gradle.internal.work.DefaultWorkerLeaseService.lambda$withLocksAcquired$0(DefaultWorkerLeaseService.java:269)
	at org.gradle.internal.work.ResourceLockStatistics$1.measure(ResourceLockStatistics.java:42)
	at org.gradle.internal.work.DefaultWorkerLeaseService.withLocksAcquired(DefaultWorkerLeaseService.java:267)
	at org.gradle.internal.work.DefaultWorkerLeaseService.withLocks(DefaultWorkerLeaseService.java:259)
	at org.gradle.internal.work.DefaultWorkerLeaseService.runAsWorkerThread(DefaultWorkerLeaseService.java:127)
	at org.gradle.composite.internal.DefaultBuildController.doRun(DefaultBuildController.java:181)
	at org.gradle.composite.internal.DefaultBuildController.access$000(DefaultBuildController.java:50)
	at org.gradle.composite.internal.DefaultBuildController$BuildOpRunnable.lambda$run$0(DefaultBuildController.java:198)
	at org.gradle.internal.operations.CurrentBuildOperationRef.with(CurrentBuildOperationRef.java:84)
	at org.gradle.composite.internal.DefaultBuildController$BuildOpRunnable.run(DefaultBuildController.java:198)
	at org.gradle.internal.concurrent.ExecutorPolicy$CatchAndRecordFailures.onExecute(ExecutorPolicy.java:64)
	at org.gradle.internal.concurrent.AbstractManagedExecutor$1.run(AbstractManagedExecutor.java:47)
Caused by: org.gradle.process.ProcessExecutionException: Process 'command 'cmd'' finished with non-zero exit value 1
	at org.gradle.process.internal.DefaultExecHandle$ExecResultImpl.assertNormalExitValue(DefaultExecHandle.java:454)
	at org.gradle.process.internal.DefaultExecAction.execute(DefaultExecAction.java:49)
	at org.gradle.process.internal.DefaultExecActionFactory.exec(DefaultExecActionFactory.java:216)
	at org.gradle.process.internal.DefaultExecOperations.exec(DefaultExecOperations.java:37)
	at com.facebook.react.tasks.BundleHermesCTask.runCommand(BundleHermesCTask.kt:138)
	at com.facebook.react.tasks.BundleHermesCTask.run(BundleHermesCTask.kt:94)
	at org.gradle.internal.reflect.JavaMethod.invoke(JavaMethod.java:125)
	at org.gradle.api.internal.project.taskfactory.StandardTaskAction.doExecute(StandardTaskAction.java:58)
	at org.gradle.api.internal.project.taskfactory.StandardTaskAction.execute(StandardTaskAction.java:51)
	at org.gradle.api.internal.project.taskfactory.StandardTaskAction.execute(StandardTaskAction.java:29)
	at org.gradle.api.internal.tasks.execution.TaskExecution$3.run(TaskExecution.java:259)
	at org.gradle.internal.operations.DefaultBuildOperationRunner$1.execute(DefaultBuildOperationRunner.java:29)
	at org.gradle.internal.operations.DefaultBuildOperationRunner$1.execute(DefaultBuildOperationRunner.java:26)
	at org.gradle.internal.operations.DefaultBuildOperationRunner$2.execute(DefaultBuildOperationRunner.java:66)
	at org.gradle.internal.operations.DefaultBuildOperationRunner$2.execute(DefaultBuildOperationRunner.java:59)
	at org.gradle.internal.operations.DefaultBuildOperationRunner.execute(DefaultBuildOperationRunner.java:166)
	at org.gradle.internal.operations.DefaultBuildOperationRunner.execute(DefaultBuildOperationRunner.java:59)
	at org.gradle.internal.operations.DefaultBuildOperationRunner.run(DefaultBuildOperationRunner.java:47)
	at org.gradle.api.internal.tasks.execution.TaskExecution.executeAction(TaskExecution.java:244)
	at org.gradle.api.internal.tasks.execution.TaskExecution.executeActions(TaskExecution.java:227)
	at org.gradle.api.internal.tasks.execution.TaskExecution.executeWithPreviousOutputFiles(TaskExecution.java:210)
	at org.gradle.api.internal.tasks.execution.TaskExecution.execute(TaskExecution.java:176)
	at org.gradle.internal.execution.steps.ExecuteStep.executeInternal(ExecuteStep.java:110)
	at org.gradle.internal.execution.steps.ExecuteStep.access$000(ExecuteStep.java:47)
	at org.gradle.internal.execution.steps.ExecuteStep$1.call(ExecuteStep.java:64)
	at org.gradle.internal.execution.steps.ExecuteStep$1.call(ExecuteStep.java:61)
	at org.gradle.internal.operations.DefaultBuildOperationRunner$CallableBuildOperationWorker.execute(DefaultBuildOperationRunner.java:209)
	at org.gradle.internal.operations.DefaultBuildOperationRunner$CallableBuildOperationWorker.execute(DefaultBuildOperationRunner.java:204)
	at org.gradle.internal.operations.DefaultBuildOperationRunner$2.execute(DefaultBuildOperationRunner.java:66)
	at org.gradle.internal.operations.DefaultBuildOperationRunner$2.execute(DefaultBuildOperationRunner.java:59)
	at org.gradle.internal.operations.DefaultBuildOperationRunner.execute(DefaultBuildOperationRunner.java:166)
	at org.gradle.internal.operations.DefaultBuildOperationRunner.execute(DefaultBuildOperationRunner.java:59)
	at org.gradle.internal.operations.DefaultBuildOperationRunner.call(DefaultBuildOperationRunner.java:53)
	at org.gradle.internal.execution.steps.ExecuteStep.execute(ExecuteStep.java:61)
	at org.gradle.internal.execution.steps.ExecuteStep.execute(ExecuteStep.java:47)
	at org.gradle.internal.execution.steps.CancelExecutionStep.execute(CancelExecutionStep.java:42)
	at org.gradle.internal.execution.steps.TimeoutStep.executeWithoutTimeout(TimeoutStep.java:75)
	at org.gradle.internal.execution.steps.TimeoutStep.execute(TimeoutStep.java:55)
	at org.gradle.internal.execution.steps.PreCreateOutputParentsStep.execute(PreCreateOutputParentsStep.java:51)
	at org.gradle.internal.execution.steps.PreCreateOutputParentsStep.execute(PreCreateOutputParentsStep.java:29)
	at org.gradle.internal.execution.steps.RemovePreviousOutputsStep.executeMutable(RemovePreviousOutputsStep.java:70)
	at org.gradle.internal.execution.steps.RemovePreviousOutputsStep.executeMutable(RemovePreviousOutputsStep.java:40)
	at org.gradle.internal.execution.steps.MutableStep.execute(MutableStep.java:25)
	at org.gradle.internal.execution.steps.BroadcastChangingOutputsStep.execute(BroadcastChangingOutputsStep.java:62)
	at org.gradle.internal.execution.steps.BroadcastChangingOutputsStep.execute(BroadcastChangingOutputsStep.java:27)
	at org.gradle.internal.execution.steps.CaptureOutputsAfterExecutionStep.execute(CaptureOutputsAfterExecutionStep.java:69)
	at org.gradle.internal.execution.steps.CaptureOutputsAfterExecutionStep.execute(CaptureOutputsAfterExecutionStep.java:46)
	at org.gradle.internal.execution.steps.ResolveInputChangesStep.executeMutable(ResolveInputChangesStep.java:39)
	at org.gradle.internal.execution.steps.ResolveInputChangesStep.executeMutable(ResolveInputChangesStep.java:28)
	at org.gradle.internal.execution.steps.MutableStep.execute(MutableStep.java:25)
	at org.gradle.internal.execution.steps.BuildCacheStep.executeWithoutCache(BuildCacheStep.java:192)
	at org.gradle.internal.execution.steps.BuildCacheStep.lambda$execute$1(BuildCacheStep.java:76)
	at org.gradle.internal.Either$Right.fold(Either.java:176)
	at org.gradle.internal.execution.caching.CachingState.fold(CachingState.java:62)
	at org.gradle.internal.execution.steps.BuildCacheStep.execute(BuildCacheStep.java:74)
	at org.gradle.internal.execution.steps.BuildCacheStep.execute(BuildCacheStep.java:49)
	at org.gradle.internal.execution.steps.StoreExecutionStateStep.execute(StoreExecutionStateStep.java:46)
	at org.gradle.internal.execution.steps.StoreExecutionStateStep.execute(StoreExecutionStateStep.java:35)
	at org.gradle.internal.execution.steps.SkipUpToDateStep.executeBecause(SkipUpToDateStep.java:75)
	at org.gradle.internal.execution.steps.SkipUpToDateStep.lambda$execute$2(SkipUpToDateStep.java:53)
	at org.gradle.internal.execution.steps.SkipUpToDateStep.execute(SkipUpToDateStep.java:53)
	at org.gradle.internal.execution.steps.SkipUpToDateStep.execute(SkipUpToDateStep.java:35)
	at org.gradle.internal.execution.steps.legacy.MarkSnapshottingInputsFinishedStep.execute(MarkSnapshottingInputsFinishedStep.java:37)
	at org.gradle.internal.execution.steps.legacy.MarkSnapshottingInputsFinishedStep.execute(MarkSnapshottingInputsFinishedStep.java:27)
	at org.gradle.internal.execution.steps.ResolveIncrementalCachingStateStep.executeDelegate(ResolveIncrementalCachingStateStep.java:49)
	at org.gradle.internal.execution.steps.ResolveIncrementalCachingStateStep.executeDelegate(ResolveIncrementalCachingStateStep.java:27)
	at org.gradle.internal.execution.steps.AbstractResolveCachingStateStep.execute(AbstractResolveCachingStateStep.java:71)
	at org.gradle.internal.execution.steps.AbstractResolveCachingStateStep.execute(AbstractResolveCachingStateStep.java:39)
	at org.gradle.internal.execution.steps.ResolveChangesStep.executeMutable(ResolveChangesStep.java:63)
	at org.gradle.internal.execution.steps.ResolveChangesStep.executeMutable(ResolveChangesStep.java:34)
	at org.gradle.internal.execution.steps.MutableStep.execute(MutableStep.java:25)
	at org.gradle.internal.execution.steps.ValidateStep.execute(ValidateStep.java:64)
	at org.gradle.internal.execution.steps.ValidateStep.execute(ValidateStep.java:42)
	at org.gradle.internal.execution.steps.AbstractCaptureStateBeforeExecutionStep.execute(AbstractCaptureStateBeforeExecutionStep.java:77)
	at org.gradle.internal.execution.steps.AbstractCaptureStateBeforeExecutionStep.execute(AbstractCaptureStateBeforeExecutionStep.java:46)
	at org.gradle.internal.execution.steps.AbstractSkipEmptyWorkStep.executeWithNonEmptySources(AbstractSkipEmptyWorkStep.java:133)
	at org.gradle.internal.execution.steps.AbstractSkipEmptyWorkStep.execute(AbstractSkipEmptyWorkStep.java:59)
	at org.gradle.internal.execution.steps.AbstractSkipEmptyWorkStep.execute(AbstractSkipEmptyWorkStep.java:36)
	at org.gradle.internal.execution.steps.legacy.MarkSnapshottingInputsStartedStep.execute(MarkSnapshottingInputsStartedStep.java:38)
	at org.gradle.internal.execution.steps.LoadPreviousExecutionStateStep.execute(LoadPreviousExecutionStateStep.java:36)
	at org.gradle.internal.execution.steps.LoadPreviousExecutionStateStep.execute(LoadPreviousExecutionStateStep.java:23)
	at org.gradle.internal.execution.steps.HandleStaleOutputsStep.executeMutable(HandleStaleOutputsStep.java:77)
	at org.gradle.internal.execution.steps.HandleStaleOutputsStep.executeMutable(HandleStaleOutputsStep.java:43)
	at org.gradle.internal.execution.steps.MutableStep.execute(MutableStep.java:25)
	at org.gradle.internal.execution.steps.AssignMutableWorkspaceStep.lambda$execute$0(AssignMutableWorkspaceStep.java:35)
	at org.gradle.api.internal.tasks.execution.TaskExecution$4.withWorkspace(TaskExecution.java:305)
	at org.gradle.internal.execution.steps.AssignMutableWorkspaceStep.execute(AssignMutableWorkspaceStep.java:31)
	at org.gradle.internal.execution.steps.AssignMutableWorkspaceStep.execute(AssignMutableWorkspaceStep.java:22)
	at org.gradle.internal.execution.steps.ChoosePipelineStep.execute(ChoosePipelineStep.java:40)
	at org.gradle.internal.execution.steps.ChoosePipelineStep.execute(ChoosePipelineStep.java:23)
	at org.gradle.internal.execution.steps.ExecuteWorkBuildOperationFiringStep.lambda$execute$2(ExecuteWorkBuildOperationFiringStep.java:67)
	at org.gradle.internal.execution.steps.ExecuteWorkBuildOperationFiringStep.execute(ExecuteWorkBuildOperationFiringStep.java:67)
	at org.gradle.internal.execution.steps.ExecuteWorkBuildOperationFiringStep.execute(ExecuteWorkBuildOperationFiringStep.java:39)
	at org.gradle.internal.execution.steps.IdentityCacheStep.execute(IdentityCacheStep.java:46)
	at org.gradle.internal.execution.steps.IdentityCacheStep.execute(IdentityCacheStep.java:34)
	at org.gradle.internal.execution.steps.IdentifyStep.execute(IdentifyStep.java:44)
	at org.gradle.internal.execution.steps.IdentifyStep.execute(IdentifyStep.java:31)
	at org.gradle.internal.execution.impl.DefaultExecutionEngine$1.execute(DefaultExecutionEngine.java:68)
	at org.gradle.api.internal.tasks.execution.ExecuteActionsTaskExecuter.executeIfValid(ExecuteActionsTaskExecuter.java:132)
	... 61 more


BUILD FAILED in 2m 17s

